
> anime-azura@0.1.0 build
> next build

   ▲ Next.js 15.5.4

   Creating an optimized production build ...
 ✓ Compiled successfully in 10.0s
   Linting and checking validity of types ...

./src/components/pos/TableMap.tsx
22:9  Warning: 't' is assigned a value but never used.  @typescript-eslint/no-unused-vars

info  - Need to disable some ESLint rules? Learn more here: https://nextjs.org/docs/app/api-reference/config/eslint#disabling-rules
   Collecting page data ...
   Generating static pages (0/16) ...
   Generating static pages (4/16)
   Generating static pages (8/16)
   Generating static pages (12/16)
 ✓ Generating static pages (16/16)
   Finalizing page optimization ...
   Collecting build traces ...

Route (app)                                 Size  First Load JS
┌ ○ /_not-found                            992 B         103 kB
├ ● /[locale]                            3.53 kB         117 kB
├   ├ /en
├   └ /ar
├ ● /[locale]/admin                       113 kB         215 kB
├   ├ /en/admin
├   └ /ar/admin
├ ● /[locale]/ai                         15.9 kB         125 kB
├   ├ /en/ai
├   └ /ar/ai
├ ● /[locale]/pos                        8.08 kB         257 kB
├   ├ /en/pos
├   └ /ar/pos
├ ● /[locale]/setup                      93.3 kB         342 kB
├   ├ /en/setup
├   └ /ar/setup
└ ● /[locale]/tables                       753 B         115 kB
    ├ /en/tables
    └ /ar/tables
+ First Load JS shared by all             102 kB
  ├ chunks/255-4efeec91c7871d79.js       45.7 kB
  ├ chunks/4bd1b696-c023c6e3521b1417.js  54.2 kB
  └ other shared chunks (total)          1.93 kB


○  (Static)  prerendered as static content
●  (SSG)     prerendered as static HTML (uses generateStaticParams)
